Case #1: 0.0
Case #2: 1.5
Case #3: -1.5
Case #4: -1.5
Case #5: 10.0
Case #6: 32.0
Case #7: 10.0
Case #8: 0.4
Case #9: 20.0
Case #10: 50.0
