Case #1: 0
Case #2: 1
Case #3: 1
Case #4: 2
Case #5: 3
Case #6: 5
Case #7: 8
Case #8: 13
Case #9: 21
Case #10: 34
Case #11: 55
Case #12: 89
Case #13: 144
Case #14: 233
Case #15: 377
Case #16: 610
Case #17: 987
Case #18: 1597
Case #19: 2584
Case #20: 4181
